[INFO] Scanning for projects...
[INFO] 
[INFO] -----------------< com.zhiyuan:college-recommendation >-----------------
[INFO] Building college-recommendation 0.0.1-SNAPSHOT
[INFO]   from pom.xml
[INFO] --------------------------------[ jar ]---------------------------------
[INFO] 
[INFO] >>> spring-boot:3.3.5:run (default-cli) > test-compile @ college-recommendation >>>
[INFO] 
[INFO] --- resources:3.3.1:resources (default-resources) @ college-recommendation ---
[INFO] Copying 1 resource from src\main\resources to target\classes
[INFO] Copying 0 resource from src\main\resources to target\classes
[INFO] 
[INFO] --- compiler:3.13.0:compile (default-compile) @ college-recommendation ---
[INFO] Nothing to compile - all classes are up to date.
[INFO] 
[INFO] --- resources:3.3.1:testResources (default-testResources) @ college-recommendation ---
[INFO] Copying 3 resources from src\test\resources to target\test-classes
[INFO] 
[INFO] --- compiler:3.13.0:testCompile (default-testCompile) @ college-recommendation ---
[INFO] Nothing to compile - all classes are up to date.
[INFO] 
[INFO] <<< spring-boot:3.3.5:run (default-cli) < test-compile @ college-recommendation <<<
[INFO] 
[INFO] 
[INFO] --- spring-boot:3.3.5:run (default-cli) @ college-recommendation ---
[INFO] Attaching agents: []

  .   ____          _            __ _ _
 /\\ / ___'_ __ _ _(_)_ __  __ _ \ \ \ \
( ( )\___ | '_ | '_| | '_ \/ _` | \ \ \ \
 \\/  ___)| |_)| | | | | || (_| |  ) ) ) )
  '  |____| .__|_| |_|_| |_\__, | / / / /
 =========|_|==============|___/=/_/_/_/

 :: Spring Boot ::                (v3.3.5)

2026-03-05T13:41:50.110+08:00  INFO 22344 --- [           main] c.z.c.CollegeRecommendationApplication   : Starting CollegeRecommendationApplication using Java 21.0.8 with PID 22344 (D:\Java\IntelliJ IDEA 2025.2.4\zhiyuan\target\classes started by Lenovo in D:\Java\IntelliJ IDEA 2025.2.4\zhiyuan)
2026-03-05T13:41:50.113+08:00  INFO 22344 --- [           main] c.z.c.CollegeRecommendationApplication   : No active profile set, falling back to 1 default profile: "default"
